// Jest Snapshot v1, https://goo.gl/fbAQLP

exports[`Pruebas en <FirstApp/> Debe de hacer match en el snapshot 1`] = `
<div>
  <h1
    data-testid="test-title"
  >
    Hola soy goku
  </h1>
  <p>
    Hola adrian soy tu del pasado
  </p>
  <p>
    hola mundo, todo bonito o que?
  </p>
  <p>
    Lorem ipsum dolor sit amet consectetur adipisicing elit. Laudantium pariatur, voluptates dolor adipisci asperiores illum iure consequatur beatae neque tempora.
  </p>
  <h2>
    soy un subttitulo
  </h2>
  <p>
     
    adrian
  </p>
</div>
`;
